
> kandydrops@0.1.0 build
> next build

Γû▓ Next.js 16.1.6 (Turbopack)
- Environments: .env.local

  Creating an optimized production build ...
node.exe : 
At line:1 char:1
+ & "C:\Program Files
\nodejs/node.exe" 
"C:\Program 
Files\nodejs/node_mo 
...
+ ~~~~~~~~~~~~~~~~~~~
~~~~~~~~~~~~~~~~~~~~~
~~~~~~~~~~~~~~~~~~~~~
~~~~~~~~
    + CategoryInfo   
           : NotSpe  
  cified: (:String   
 ) [], RemoteExce    
ption
    + FullyQualified 
   ErrorId : Native  
  CommandError
 
> Build error 
occurred
Error: Turbopack 
build failed with 1 
errors:
./src/components/Insu
fficientBalanceModal.
tsx:7:1
Module not found: 
Can't resolve 
'framer-motion'
[0m [90m  5 |[39m 
[36mimport[39m { 
[33mButton[39m } 
[36mfrom[39m [32m"
@/components/ui/Butto
n"[39m[33m;[39m
 [90m  6 |[39m 
[36mimport[39m { [
33mCoins[39m[33m,[
39m [33mX[39m[33m,
[39m [33mAlertCircl
e[39m } 
[36mfrom[39m [32m"
lucide-react"[39m[3
3m;[39m
[31m[1m>[22m[39m
[90m  7 |[39m 
[36mimport[39m { 
motion[33m,[39m [3
3mAnimatePresence[39
m } [36mfrom[39m [
32m"framer-motion"[3
9m[33m;[39m
 [90m    |[39m [31
m[1m^[22m[39m[31m
[1m^[22m[39m[31m
[1m^[22m[39m[31m[
1m^[22m[39m[31m[1
m^[22m[39m[31m[1m
^[22m[39m[31m[1m^
[22m[39m[31m[1m^
[22m[39m[31m[1m^[
22m[39m[31m[1m^[2
2m[39m[31m[1m^[22
m[39m[31m[1m^[22m
[39m[31m[1m^[22m
[39m[31m[1m^[22m[
39m[31m[1m^[22m[3
9m[31m[1m^[22m[39
m[31m[1m^[22m[39m
[31m[1m^[22m[39m
[31m[1m^[22m[39m[
31m[1m^[22m[39m[3
1m[1m^[22m[39m[31
m[1m^[22m[39m[31m
[1m^[22m[39m[31m
[1m^[22m[39m[31m[
1m^[22m[39m[31m[1
m^[22m[39m[31m[1m
^[22m[39m[31m[1m^
[22m[39m[31m[1m^
[22m[39m[31m[1m^[
22m[39m[31m[1m^[2
2m[39m[31m[1m^[22
m[39m[31m[1m^[22m
[39m[31m[1m^[22m
[39m[31m[1m^[22m[
39m[31m[1m^[22m[3
9m[31m[1m^[22m[39
m[31m[1m^[22m[39m
[31m[1m^[22m[39m
[31m[1m^[22m[39m[
31m[1m^[22m[39m[3
1m[1m^[22m[39m[31
m[1m^[22m[39m[31m
[1m^[22m[39m[31m
[1m^[22m[39m[31m[
1m^[22m[39m[31m[1
m^[22m[39m[31m[1m
^[22m[39m[31m[1m^
[22m[39m[31m[1m^
[22m[39m[31m[1m^[
22m[39m[31m[1m^[2
2m[39m[31m[1m^[22
m[39m[31m[1m^[22m
[39m[31m[1m^[22m
[39m[31m[1m^[22m[
39m
 [90m  8 |[39m
 [90m  9 |[39m 
[36mexport[39m 
[36mfunction[39m [
33mInsufficientBalanc
eModal[39m() {
 [90m 10 |[39m     
[36mconst[39m {[0m



Import traces:
  Client Component 
Browser:
    ./src/components/
InsufficientBalanceMo
dal.tsx [Client 
Component Browser]
    ./src/components/
CoreLayoutWrapper.tsx
 [Client Component 
Browser]
    ./src/components/
CoreLayoutWrapper.tsx
 [Server Component]
    
./src/app/layout.tsx 
[Server Component]

  Client Component 
SSR:
    ./src/components/
InsufficientBalanceMo
dal.tsx [Client 
Component SSR]
    ./src/components/
CoreLayoutWrapper.tsx
 [Client Component 
SSR]
    ./src/components/
CoreLayoutWrapper.tsx
 [Server Component]
    
./src/app/layout.tsx 
[Server Component]

https://nextjs.org/do
cs/messages/module-no
t-found


    at <unknown> (./s
rc/components/Insuffi
cientBalanceModal.tsx
:7:1)
    at <unknown> (htt
ps://nextjs.org/docs/
messages/module-not-f
ound)
