
> kandydrops@0.1.0 build
> next build

Γû▓ Next.js 16.1.6 (Turbopack)
- Environments: .env.local
- Experiments (use with caution):
  ┬╖ optimizePackageImports

  Creating an optimized production build ...
Γ£ô Compiled successfully in 38.8s
  Running TypeScript ...
  Collecting page data using 7 workers ...
Firebase Admin Initialized with Service Account Cert.
Firebase Admin Initialized with Service Account Cert.
Firebase Admin Initialized with Service Account Cert.
Firebase Admin Initialized with Service Account Cert.
Firebase Admin Initialized with Service Account Cert.
Firebase Admin Initialized with Service Account Cert.
Firebase Admin Initialized with Service Account Cert.
  Generating static pages using 7 workers (0/35) ...
  Generating static pages using 7 workers (8/35) 
  Generating static pages using 7 workers (17/35) 
  Generating static pages using 7 workers (26/35) 
node.exe : Error 
fetching drops: Error 
[ZodError]: [
At line:1 char:1
+ & "C:\Program 
Files\nodejs/node.exe" 
"C:\Program 
Files\nodejs/node_mo 
...
+ ~~~~~~~~~~~~~~~~~~~~~
~~~~~~~~~~~~~~~~~~~~~~~
~~~~~~~~~~~~~~~~~~~~~~~
~~
    + CategoryInfo     
         : NotSpecifi  
  ed: (Error fetchin   
 g ...r [ZodError]:    
 [:String) [], Rem    
oteException
    + FullyQualifiedEr 
   rorId : NativeComm  
  andError
 
  {
    "expected": 
"object",
    "code": 
"invalid_type",
    "path": [
      "fileMetadata"
    ],
    "message": 
"Invalid input: 
expected object, 
received null"
  }
]
    at jN (C:\Users\uyl
us\OneDrive\Documents\K
andyDrops_Final\.next\s
erver\chunks\ssr\src_li
b_server_drops_ts_fe812
d71._.js:37:173566)
    at <unknown> (C:\Us
ers\uylus\OneDrive\Docu
ments\KandyDrops_Final\
.next\server\chunks\ssr
\src_lib_server_drops_t
s_fe812d71._.js:37:1749
10)
    at Array.map 
(<anonymous>)
    at <unknown> (C:\Us
ers\uylus\OneDrive\Docu
ments\KandyDrops_Final\
.next\server\chunks\ssr
\src_lib_server_drops_t
s_fe812d71._.js:37:1748
96)
    at async e (C:\User
s\uylus\OneDrive\Docume
nts\KandyDrops_Final\.n
ext\server\chunks\ssr\[
root-of-the-server]__23
1f0398._.js:1:1448)
Γ£ô Generating static pages using 7 workers (35/35) in 3.1s
  Finalizing page optimization ...

Route (app)                    Revalidate  Expire
Γöî Γùï /
Γö£ Γùï /_not-found
Γö£ Γùï /admin
Γö£ Γùï /admin/content
Γö£ Γùï /admin/create
Γö£ Γùï /admin/debug
Γö£ Γùï /admin/drops
Γö£ Γùï /admin/roster
Γö£ Γùï /admin/users
Γö£ ╞Æ /api/admin/balance
Γö£ ╞Æ /api/admin/drops
Γö£ ╞Æ /api/admin/users
Γö£ ╞Æ /api/checkin
Γö£ ╞Æ /api/drops/content
Γö£ ╞Æ /api/drops/download
Γö£ ╞Æ /api/drops/track
Γö£ ╞Æ /api/drops/unlock
Γö£ ╞Æ /api/notifications
Γö£ ╞Æ /api/paypal/capture
Γö£ ╞Æ /api/security/log-attempt
Γö£ ╞Æ /api/user/check-username
Γö£ ╞Æ /api/user/follow
Γö£ ╞Æ /api/user/profile
Γö£ ╞Æ /api/user/register
Γö£ Γùï /banned
Γö£ ╞Æ /creators/[username]
Γö£ ╞Æ /dashboard
Γö£ ╞Æ /dashboard/library
Γö£ Γùï /dashboard/profile
Γö£ ╞Æ /dashboard/viewer
Γö£ Γùï /drops                             1m      1y
Γö£ Γùï /experiences
Γö£ Γùï /privacy
Γö£ Γùï /robots.txt
Γö£ Γùï /sitemap.xml
Γöö Γùï /terms


Γùï  (Static)   prerendered as static content
╞Æ  (Dynamic)  server-rendered on demand

