src/app/creators/[username]/page.tsx(169,34): error TS2339: Property 'socialLinks' does not exist on type 'UserProfile'.
src/app/creators/[username]/page.tsx(171,42): error TS2339: Property 'socialLinks' does not exist on type 'UserProfile'.
src/app/creators/[username]/page.tsx(172,54): error TS2339: Property 'socialLinks' does not exist on type 'UserProfile'.
src/app/creators/[username]/page.tsx(176,42): error TS2339: Property 'socialLinks' does not exist on type 'UserProfile'.
src/app/creators/[username]/page.tsx(177,54): error TS2339: Property 'socialLinks' does not exist on type 'UserProfile'.
src/app/creators/[username]/page.tsx(181,42): error TS2339: Property 'socialLinks' does not exist on type 'UserProfile'.
src/app/creators/[username]/page.tsx(182,54): error TS2339: Property 'socialLinks' does not exist on type 'UserProfile'.
src/lib/user-utils.ts(30,9): error TS2353: Object literal may only specify known properties, and 'socialLinks' does not exist in type 'UserProfile'.
src/lib/user-utils.ts(31,20): error TS2339: Property 'socialLinks' does not exist on type 'Partial<UserProfile>'.
src/lib/user-utils.ts(31,49): error TS2339: Property 'socialLinks' does not exist on type 'Partial<UserProfile>'.
src/lib/user-utils.ts(34,40): error TS2339: Property 'socialLinks' does not exist on type 'Partial<UserProfile>'.
src/lib/user-utils.ts(34,67): error TS2339: Property 'socialLinks' does not exist on type 'UserProfile'.
src/lib/user-utils.ts(35,39): error TS2339: Property 'socialLinks' does not exist on type 'Partial<UserProfile>'.
src/lib/user-utils.ts(35,66): error TS2339: Property 'socialLinks' does not exist on type 'UserProfile'.
src/lib/user-utils.ts(38,40): error TS2339: Property 'socialLinks' does not exist on type 'Partial<UserProfile>'.
src/lib/user-utils.ts(38,67): error TS2339: Property 'socialLinks' does not exist on type 'UserProfile'.
src/lib/user-utils.ts(39,39): error TS2339: Property 'socialLinks' does not exist on type 'Partial<UserProfile>'.
src/lib/user-utils.ts(39,66): error TS2339: Property 'socialLinks' does not exist on type 'UserProfile'.
src/lib/user-utils.ts(42,40): error TS2339: Property 'socialLinks' does not exist on type 'Partial<UserProfile>'.
src/lib/user-utils.ts(42,67): error TS2339: Property 'socialLinks' does not exist on type 'UserProfile'.
src/lib/user-utils.ts(43,39): error TS2339: Property 'socialLinks' does not exist on type 'Partial<UserProfile>'.
src/lib/user-utils.ts(43,66): error TS2339: Property 'socialLinks' does not exist on type 'UserProfile'.
